Archive member included to satisfy reference by file (symbol)

c:/program files/microchip/xc8/v2.31/avr/bin/../lib/gcc/avr/5.4.0/avrxmega3/short-calls\libgcc.a(_exit.o)
                              C:/Users/Branden/.mchp_packs/Microchip/ATtiny_DFP/2.3.92/xc8/avr/lib/avrxmega3/short-calls/crtattiny814.o (exit)
c:/program files/microchip/xc8/v2.31/avr/bin/../lib/gcc/avr/5.4.0/avrxmega3/short-calls\libgcc.a(_copy_data.o)
                              build/default/production/main.o (__do_copy_data)

Allocating common symbols
Common symbol       size              file

_temp               0x20              build/default/production/main.o
_tempRev            0x20              build/default/production/main.o
dummy               0x1               build/default/production/main.o

Discarded input sections

 .data          0x0000000000000000        0x0 C:/Users/Branden/.mchp_packs/Microchip/ATtiny_DFP/2.3.92/xc8/avr/lib/avrxmega3/short-calls/crtattiny814.o
 .bss           0x0000000000000000        0x0 C:/Users/Branden/.mchp_packs/Microchip/ATtiny_DFP/2.3.92/xc8/avr/lib/avrxmega3/short-calls/crtattiny814.o
 .text          0x0000000000000000        0x0 build/default/production/main.o
 .data          0x0000000000000000        0x0 build/default/production/main.o
 .bss           0x0000000000000000        0x0 build/default/production/main.o
 .text.twiReadSingle
                0x0000000000000000       0x26 build/default/production/main.o
 .text.twiReadMultiple
                0x0000000000000000       0x48 build/default/production/main.o
 .data._dispDataAll
                0x0000000000000000       0x20 build/default/production/main.o
 .data._dispDataTriangleUp
                0x0000000000000000       0x20 build/default/production/main.o
 .data._dispDataCircle
                0x0000000000000000       0x20 build/default/production/main.o
 .text          0x0000000000000000        0x0 c:/program files/microchip/xc8/v2.31/avr/bin/../lib/gcc/avr/5.4.0/avrxmega3/short-calls\libgcc.a(_exit.o)
 .data          0x0000000000000000        0x0 c:/program files/microchip/xc8/v2.31/avr/bin/../lib/gcc/avr/5.4.0/avrxmega3/short-calls\libgcc.a(_exit.o)
 .bss           0x0000000000000000        0x0 c:/program files/microchip/xc8/v2.31/avr/bin/../lib/gcc/avr/5.4.0/avrxmega3/short-calls\libgcc.a(_exit.o)
 .text.libgcc.mul
                0x0000000000000000        0x0 c:/program files/microchip/xc8/v2.31/avr/bin/../lib/gcc/avr/5.4.0/avrxmega3/short-calls\libgcc.a(_exit.o)
 .text.libgcc.div
                0x0000000000000000        0x0 c:/program files/microchip/xc8/v2.31/avr/bin/../lib/gcc/avr/5.4.0/avrxmega3/short-calls\libgcc.a(_exit.o)
 .text.libgcc   0x0000000000000000        0x0 c:/program files/microchip/xc8/v2.31/avr/bin/../lib/gcc/avr/5.4.0/avrxmega3/short-calls\libgcc.a(_exit.o)
 .text.libgcc.prologue
                0x0000000000000000        0x0 c:/program files/microchip/xc8/v2.31/avr/bin/../lib/gcc/avr/5.4.0/avrxmega3/short-calls\libgcc.a(_exit.o)
 .text.libgcc.builtins
                0x0000000000000000        0x0 c:/program files/microchip/xc8/v2.31/avr/bin/../lib/gcc/avr/5.4.0/avrxmega3/short-calls\libgcc.a(_exit.o)
 .text.libgcc.fmul
                0x0000000000000000        0x0 c:/program files/microchip/xc8/v2.31/avr/bin/../lib/gcc/avr/5.4.0/avrxmega3/short-calls\libgcc.a(_exit.o)
 .text.libgcc.fixed
                0x0000000000000000        0x0 c:/program files/microchip/xc8/v2.31/avr/bin/../lib/gcc/avr/5.4.0/avrxmega3/short-calls\libgcc.a(_exit.o)
 .text          0x0000000000000000        0x0 c:/program files/microchip/xc8/v2.31/avr/bin/../lib/gcc/avr/5.4.0/avrxmega3/short-calls\libgcc.a(_copy_data.o)
 .data          0x0000000000000000        0x0 c:/program files/microchip/xc8/v2.31/avr/bin/../lib/gcc/avr/5.4.0/avrxmega3/short-calls\libgcc.a(_copy_data.o)
 .bss           0x0000000000000000        0x0 c:/program files/microchip/xc8/v2.31/avr/bin/../lib/gcc/avr/5.4.0/avrxmega3/short-calls\libgcc.a(_copy_data.o)
 .text.libgcc.mul
                0x0000000000000000        0x0 c:/program files/microchip/xc8/v2.31/avr/bin/../lib/gcc/avr/5.4.0/avrxmega3/short-calls\libgcc.a(_copy_data.o)
 .text.libgcc.div
                0x0000000000000000        0x0 c:/program files/microchip/xc8/v2.31/avr/bin/../lib/gcc/avr/5.4.0/avrxmega3/short-calls\libgcc.a(_copy_data.o)
 .text.libgcc   0x0000000000000000        0x0 c:/program files/microchip/xc8/v2.31/avr/bin/../lib/gcc/avr/5.4.0/avrxmega3/short-calls\libgcc.a(_copy_data.o)
 .text.libgcc.prologue
                0x0000000000000000        0x0 c:/program files/microchip/xc8/v2.31/avr/bin/../lib/gcc/avr/5.4.0/avrxmega3/short-calls\libgcc.a(_copy_data.o)
 .text.libgcc.builtins
                0x0000000000000000        0x0 c:/program files/microchip/xc8/v2.31/avr/bin/../lib/gcc/avr/5.4.0/avrxmega3/short-calls\libgcc.a(_copy_data.o)
 .text.libgcc.fmul
                0x0000000000000000        0x0 c:/program files/microchip/xc8/v2.31/avr/bin/../lib/gcc/avr/5.4.0/avrxmega3/short-calls\libgcc.a(_copy_data.o)
 .text.libgcc.fixed
                0x0000000000000000        0x0 c:/program files/microchip/xc8/v2.31/avr/bin/../lib/gcc/avr/5.4.0/avrxmega3/short-calls\libgcc.a(_copy_data.o)

Memory Configuration

Name             Origin             Length             Attributes
text             0x0000000000000000 0x0000000000002000 xr
data             0x0000000000803e00 0x0000000000000200 rw !x
eeprom           0x0000000000810000 0x0000000000000080 rw !x
fuse             0x0000000000820000 0x000000000000000a rw !x
lock             0x0000000000830000 0x0000000000000400 rw !x
signature        0x0000000000840000 0x0000000000000400 rw !x
user_signatures  0x0000000000850000 0x0000000000000400 rw !x
*default*        0x0000000000000000 0xffffffffffffffff

Linker script and memory map

Address of section .data set to 0x803e00
                0x0000000000008000                __RODATA_PM_OFFSET__ = 0x8000
LOAD C:/Users/Branden/.mchp_packs/Microchip/ATtiny_DFP/2.3.92/xc8/avr/lib/avrxmega3/short-calls/crtattiny814.o
                0x0000000000000001                __MPLAB_BUILD = 0x1
LOAD build/default/production/main.o
START GROUP
LOAD c:/program files/microchip/xc8/v2.31/avr/bin/../lib/gcc/avr/5.4.0/../../../../avr/lib/avrxmega3/short-calls\libm.a
END GROUP
START GROUP
LOAD c:/program files/microchip/xc8/v2.31/avr/bin/../lib/gcc/avr/5.4.0/avrxmega3/short-calls\libgcc.a
LOAD c:/program files/microchip/xc8/v2.31/avr/bin/../lib/gcc/avr/5.4.0/../../../../avr/lib/avrxmega3/short-calls\libm.a
LOAD c:/program files/microchip/xc8/v2.31/avr/bin/../lib/gcc/avr/5.4.0/../../../../avr/lib/avrxmega3/short-calls\libc.a
LOAD C:/Users/Branden/.mchp_packs/Microchip/ATtiny_DFP/2.3.92/xc8/avr/lib/avrxmega3/short-calls\libattiny814.a
END GROUP
                [0x0000000000000000]                __TEXT_REGION_ORIGIN__ = DEFINED (__TEXT_REGION_ORIGIN__)?__TEXT_REGION_ORIGIN__:0x0
                [0x0000000000803e00]                __DATA_REGION_ORIGIN__ = DEFINED (__DATA_REGION_ORIGIN__)?__DATA_REGION_ORIGIN__:0x802000
                [0x0000000000002000]                __TEXT_REGION_LENGTH__ = DEFINED (__TEXT_REGION_LENGTH__)?__TEXT_REGION_LENGTH__:0x100000
                [0x0000000000000200]                __DATA_REGION_LENGTH__ = DEFINED (__DATA_REGION_LENGTH__)?__DATA_REGION_LENGTH__:0xffa0
                [0x0000000000000080]                __EEPROM_REGION_LENGTH__ = DEFINED (__EEPROM_REGION_LENGTH__)?__EEPROM_REGION_LENGTH__:0x10000
                [0x000000000000000a]                __FUSE_REGION_LENGTH__ = DEFINED (__FUSE_REGION_LENGTH__)?__FUSE_REGION_LENGTH__:0x400
                0x0000000000000400                __LOCK_REGION_LENGTH__ = DEFINED (__LOCK_REGION_LENGTH__)?__LOCK_REGION_LENGTH__:0x400
                0x0000000000000400                __SIGNATURE_REGION_LENGTH__ = DEFINED (__SIGNATURE_REGION_LENGTH__)?__SIGNATURE_REGION_LENGTH__:0x400
                0x0000000000000400                __USER_SIGNATURE_REGION_LENGTH__ = DEFINED (__USER_SIGNATURE_REGION_LENGTH__)?__USER_SIGNATURE_REGION_LENGTH__:0x400
                0x0000000000008000                __RODATA_PM_OFFSET__ = DEFINED (__RODATA_PM_OFFSET__)?__RODATA_PM_OFFSET__:0x8000

.hash
 *(.hash)

.dynsym
 *(.dynsym)

.dynstr
 *(.dynstr)

.gnu.version
 *(.gnu.version)

.gnu.version_d
 *(.gnu.version_d)

.gnu.version_r
 *(.gnu.version_r)

.rel.init
 *(.rel.init)

.rela.init
 *(.rela.init)

.rel.text
 *(.rel.text)
 *(.rel.text.*)
 *(.rel.gnu.linkonce.t*)

.rela.text
 *(.rela.text)
 *(.rela.text.*)
 *(.rela.gnu.linkonce.t*)

.rel.fini
 *(.rel.fini)

.rela.fini
 *(.rela.fini)

.rel.rodata
 *(.rel.rodata)
 *(.rel.rodata.*)
 *(.rel.gnu.linkonce.r*)

.rela.rodata
 *(.rela.rodata)
 *(.rela.rodata.*)
 *(.rela.gnu.linkonce.r*)

.rel.data
 *(.rel.data)
 *(.rel.data.*)
 *(.rel.gnu.linkonce.d*)

.rela.data
 *(.rela.data)
 *(.rela.data.*)
 *(.rela.gnu.linkonce.d*)

.rel.ctors
 *(.rel.ctors)

.rela.ctors
 *(.rela.ctors)

.rel.dtors
 *(.rel.dtors)

.rela.dtors
 *(.rela.dtors)

.rel.got
 *(.rel.got)

.rela.got
 *(.rela.got)

.rel.bss
 *(.rel.bss)

.rela.bss
 *(.rela.bss)

.rel.plt
 *(.rel.plt)

.rela.plt
 *(.rela.plt)

.text           0x0000000000000000       0x90
 *(.vectors)
 .vectors       0x0000000000000000       0x34 C:/Users/Branden/.mchp_packs/Microchip/ATtiny_DFP/2.3.92/xc8/avr/lib/avrxmega3/short-calls/crtattiny814.o
                0x0000000000000000                __vector_default
                0x0000000000000000                __vectors
 *(.vectors)
 *(.progmem.gcc*)
 *(.dinit)
 .dinit         0x0000000000000034        0xc data_init
                0x0000000000000040                . = ALIGN (0x2)
 *fill*         0x0000000000000040        0x0 
                0x0000000000000040                __trampolines_start = .
 *(.trampolines)
 .trampolines   0x0000000000000040        0x0 linker stubs
 *(.trampolines*)
                0x0000000000000040                __trampolines_end = .
 *libprintf_flt.a:*(.progmem.data)
 *libc.a:*(.progmem.data)
                0x0000000000000040                . = ALIGN (0x2)
 *(.jumptables)
 *(.jumptables*)
 *(.lowtext)
 *(.lowtext*)
                0x0000000000000040                __ctors_start = .
 *(.ctors)
                0x0000000000000040                __ctors_end = .
                0x0000000000000040                __dtors_start = .
 *(.dtors)
                0x0000000000000040                __dtors_end = .
 SORT(*)(.ctors)
 SORT(*)(.dtors)
 *(.init0)
 .init0         0x0000000000000040        0x0 C:/Users/Branden/.mchp_packs/Microchip/ATtiny_DFP/2.3.92/xc8/avr/lib/avrxmega3/short-calls/crtattiny814.o
                0x0000000000000040                __init
 *(.init0)
 *(.init1)
 *(.init1)
 *(.init2)
 .init2         0x0000000000000040        0xc C:/Users/Branden/.mchp_packs/Microchip/ATtiny_DFP/2.3.92/xc8/avr/lib/avrxmega3/short-calls/crtattiny814.o
 *(.init2)
 *(.init3)
 *(.init3)
 *(.init4)
 .init4         0x000000000000004c       0x3c c:/program files/microchip/xc8/v2.31/avr/bin/../lib/gcc/avr/5.4.0/avrxmega3/short-calls\libgcc.a(_copy_data.o)
                0x000000000000004c                __do_copy_data
                0x000000000000007a                __do_clear_bss
 *(.init4)
 *(.init5)
 *(.init5)
 *(.init6)
 *(.init6)
 *(.init7)
 *(.init7)
 *(.init8)
 *(.init8)
 *(.init9)
 .init9         0x0000000000000088        0x4 C:/Users/Branden/.mchp_packs/Microchip/ATtiny_DFP/2.3.92/xc8/avr/lib/avrxmega3/short-calls/crtattiny814.o
 *(.init9)
                0x000000000000008c                . = ALIGN (0x2)
 *(.fini9)
 .fini9         0x000000000000008c        0x0 c:/program files/microchip/xc8/v2.31/avr/bin/../lib/gcc/avr/5.4.0/avrxmega3/short-calls\libgcc.a(_exit.o)
                0x000000000000008c                _exit
                0x000000000000008c                exit
 *(.fini9)
 *(.fini8)
 *(.fini8)
 *(.fini7)
 *(.fini7)
 *(.fini6)
 *(.fini6)
 *(.fini5)
 *(.fini5)
 *(.fini4)
 *(.fini4)
 *(.fini3)
 *(.fini3)
 *(.fini2)
 *(.fini2)
 *(.fini1)
 *(.fini1)
 *(.fini0)
 .fini0         0x000000000000008c        0x4 c:/program files/microchip/xc8/v2.31/avr/bin/../lib/gcc/avr/5.4.0/avrxmega3/short-calls\libgcc.a(_exit.o)
 *(.fini0)
                0x0000000000000090                _etext = .

.data           0x0000000000803e00        0x0 load address 0x0000000000000090
                [!provide]                        PROVIDE (__data_start, .)
 *(.gnu.linkonce.d*)
                0x0000000000803e00                . = ALIGN (0x2)
                0x0000000000803e00                _edata = .
                [!provide]                        PROVIDE (__data_end, .)

.bss            0x0000000000803e00       0x41
                [!provide]                        PROVIDE (__bss_start, .)
 *(COMMON)
 COMMON         0x0000000000803e00       0x41 build/default/production/main.o
                0x0000000000803e00                _temp
                0x0000000000803e20                _tempRev
                0x0000000000803e40                dummy
                [!provide]                        PROVIDE (__bss_end, .)
                0x0000000000000090                __data_load_start = LOADADDR (.data)
                0x0000000000000090                __data_load_end = (__data_load_start + SIZEOF (.data))

.noinit         0x0000000000803e41        0x0
                [!provide]                        PROVIDE (__noinit_start, .)
 *(.noinit*)
                [!provide]                        PROVIDE (__noinit_end, .)
                0x0000000000803e41                _end = .

.eeprom         0x0000000000810000        0x0
 *(.eeprom*)
                0x0000000000810000                __eeprom_end = .

.fuse
 *(.fuse)
 *(.lfuse)
 *(.hfuse)
 *(.efuse)

.lock
 *(.lock*)

.signature
 *(.signature*)

.user_signatures
 *(.user_signatures*)

.stab
 *(.stab)

.stabstr
 *(.stabstr)

.stab.excl
 *(.stab.excl)

.stab.exclstr
 *(.stab.exclstr)

.stab.index
 *(.stab.index)

.stab.indexstr
 *(.stab.indexstr)

.comment        0x0000000000000000       0x2f
 *(.comment)
 .comment       0x0000000000000000       0x2f build/default/production/main.o
                                         0x30 (size before relaxing)

.note.gnu.build-id
 *(.note.gnu.build-id)

.debug
 *(.debug)

.line
 *(.line)

.debug_srcinfo
 *(.debug_srcinfo)

.debug_sfnames
 *(.debug_sfnames)

.debug_aranges  0x0000000000000000       0x80
 *(.debug_aranges)
 .debug_aranges
                0x0000000000000000       0x80 build/default/production/main.o

.debug_pubnames
 *(.debug_pubnames)

.debug_info     0x0000000000000000     0x245e
 *(.debug_info .gnu.linkonce.wi.*)
 .debug_info    0x0000000000000000     0x1566 C:/Users/Branden/.mchp_packs/Microchip/ATtiny_DFP/2.3.92/xc8/avr/lib/avrxmega3/short-calls/crtattiny814.o
 .debug_info    0x0000000000001566      0xef8 build/default/production/main.o

.debug_abbrev   0x0000000000000000     0x1673
 *(.debug_abbrev)
 .debug_abbrev  0x0000000000000000     0x143e C:/Users/Branden/.mchp_packs/Microchip/ATtiny_DFP/2.3.92/xc8/avr/lib/avrxmega3/short-calls/crtattiny814.o
 .debug_abbrev  0x000000000000143e      0x235 build/default/production/main.o

.debug_line     0x0000000000000000      0x5af
 *(.debug_line .debug_line.* .debug_line_end)
 .debug_line    0x0000000000000000      0x136 C:/Users/Branden/.mchp_packs/Microchip/ATtiny_DFP/2.3.92/xc8/avr/lib/avrxmega3/short-calls/crtattiny814.o
 .debug_line    0x0000000000000136      0x479 build/default/production/main.o

.debug_frame    0x0000000000000000      0x168
 *(.debug_frame)
 .debug_frame   0x0000000000000000      0x168 build/default/production/main.o

.debug_str      0x0000000000000000      0x944
 *(.debug_str)
 .debug_str     0x0000000000000000      0x921 C:/Users/Branden/.mchp_packs/Microchip/ATtiny_DFP/2.3.92/xc8/avr/lib/avrxmega3/short-calls/crtattiny814.o
 .debug_str     0x0000000000000921       0x23 build/default/production/main.o

.debug_loc      0x0000000000000000      0x501
 *(.debug_loc)
 .debug_loc     0x0000000000000000      0x501 build/default/production/main.o

.debug_macinfo
 *(.debug_macinfo)

.debug_weaknames
 *(.debug_weaknames)

.debug_funcnames
 *(.debug_funcnames)

.debug_typenames
 *(.debug_typenames)

.debug_varnames
 *(.debug_varnames)

.debug_pubtypes
 *(.debug_pubtypes)

.debug_ranges   0x0000000000000000       0x70
 *(.debug_ranges)
 .debug_ranges  0x0000000000000000       0x70 build/default/production/main.o

.debug_macro
 *(.debug_macro)
OUTPUT(dist/default/production/attiny814_code.production.elf elf32-avr)
LOAD linker stubs
LOAD data_init

.note.gnu.avr.deviceinfo
                0x0000000000000000       0x3c
 .note.gnu.avr.deviceinfo
                0x0000000000000000       0x3c C:/Users/Branden/.mchp_packs/Microchip/ATtiny_DFP/2.3.92/xc8/avr/lib/avrxmega3/short-calls/crtattiny814.o

.rodata.reverse
                0x0000000000808090      0x100 load address 0x0000000000000090
 .rodata.reverse
                0x0000000000808090      0x100 build/default/production/main.o

.text.main      0x0000000000000190       0xc8
 .text.main     0x0000000000000190       0xc8 build/default/production/main.o
                0x0000000000000190                main

.text.twiWriteMultiple
                0x0000000000000258       0x3e
 .text.twiWriteMultiple
                0x0000000000000258       0x3e build/default/production/main.o
                0x0000000000000258                twiWriteMultiple

.text.init_display
                0x0000000000000296       0x38
 .text.init_display
                0x0000000000000296       0x38 build/default/production/main.o
                0x0000000000000296                init_display

.text.write_display
                0x00000000000002ce       0x38
 .text.write_display
                0x00000000000002ce       0x38 build/default/production/main.o
                0x00000000000002ce                write_display

.text.twiAddress
                0x0000000000000306       0x32
 .text.twiAddress
                0x0000000000000306       0x32 build/default/production/main.o
                0x0000000000000306                twiAddress

.text.twiWriteSingle
                0x0000000000000338       0x32
 .text.twiWriteSingle
                0x0000000000000338       0x32 build/default/production/main.o
                0x0000000000000338                twiWriteSingle

.text.send_cmd_and_stop
                0x000000000000036a       0x2e
 .text.send_cmd_and_stop
                0x000000000000036a       0x2e build/default/production/main.o
                0x000000000000036a                send_cmd_and_stop

.rodata._dispDataTriangleUp_Reg
                0x0000000000808398       0x20 load address 0x0000000000000398
 .rodata._dispDataTriangleUp_Reg
                0x0000000000808398       0x20 build/default/production/main.o
                0x0000000000808398                _dispDataTriangleUp_Reg

.text.errorCheck
                0x00000000000003b8       0x1e
 .text.errorCheck
                0x00000000000003b8       0x1e build/default/production/main.o
                0x00000000000003b8                errorCheck

.text.twiStop   0x00000000000003d6       0x1c
 .text.twiStop  0x00000000000003d6       0x1c build/default/production/main.o
                0x00000000000003d6                twiStop

.text.twiInitialize
                0x00000000000003f2       0x1a
 .text.twiInitialize
                0x00000000000003f2       0x1a build/default/production/main.o
                0x00000000000003f2                twiInitialize

.text.init_clock
                0x000000000000040c        0xa
 .text.init_clock
                0x000000000000040c        0xa build/default/production/main.o
                0x000000000000040c                init_clock

.text           0x0000000000000416        0x2
 .text          0x0000000000000416        0x2 C:/Users/Branden/.mchp_packs/Microchip/ATtiny_DFP/2.3.92/xc8/avr/lib/avrxmega3/short-calls/crtattiny814.o
                0x0000000000000416                __vector_22
                0x0000000000000416                __vector_1
                0x0000000000000416                __vector_24
                0x0000000000000416                __vector_12
                0x0000000000000416                __bad_interrupt
                0x0000000000000416                __vector_6
                0x0000000000000416                __vector_3
                0x0000000000000416                __vector_23
                0x0000000000000416                __vector_25
                0x0000000000000416                __vector_11
                0x0000000000000416                __vector_13
                0x0000000000000416                __vector_17
                0x0000000000000416                __vector_19
                0x0000000000000416                __vector_7
                0x0000000000000416                __vector_5
                0x0000000000000416                __vector_4
                0x0000000000000416                __vector_9
                0x0000000000000416                __vector_2
                0x0000000000000416                __vector_21
                0x0000000000000416                __vector_15
                0x0000000000000416                __vector_8
                0x0000000000000416                __vector_14
                0x0000000000000416                __vector_10
                0x0000000000000416                __vector_16
                0x0000000000000416                __vector_18
                0x0000000000000416                __vector_20

.data._dispData2
                0x0000000000803e41       0x20 load address 0x0000000000000418
 .data._dispData2
                0x0000000000803e41       0x20 build/default/production/main.o
                0x0000000000803e41                _dispData2

.data._dispData
                0x0000000000803e61       0x20 load address 0x0000000000000438
 .data._dispData
                0x0000000000803e61       0x20 build/default/production/main.o
                0x0000000000803e61                _dispData
